// Jest Snapshot v1, https://goo.gl/fbAQLP

exports[`Index page should match the snapshot 1`] = `
<div
  className="App"
>
  <header
    className="sc-jRQAMF LoXtu"
  >
    <nav
      className="sc-gKckTs bfVKrD"
    >
      <a
        href="/"
        onClick={[Function]}
        onMouseEnter={[Function]}
      >
        Home
      </a>
      <a
        href="/works"
        onClick={[Function]}
        onMouseEnter={[Function]}
      >
        Works
      </a>
      <a
        href="/contact"
        onClick={[Function]}
        onMouseEnter={[Function]}
      >
        Contact
      </a>
    </nav>
  </header>
  <div
    className="sc-kDThTU cuZoYQ"
  >
    <h1
      className="sc-iqsfdx btAnId"
    >
      Hi, I am Rafael,
      <br />
       Fullstack developer.
    </h1>
    <div
      style={
        Object {
          "boxSizing": "border-box",
          "display": "inline-block",
          "margin": 0,
          "maxWidth": "100%",
          "overflow": "hidden",
          "position": "relative",
        }
      }
    >
      <div
        style={
          Object {
            "boxSizing": "border-box",
            "display": "block",
            "maxWidth": "100%",
          }
        }
      >
        <img
          alt=""
          aria-hidden={true}
          role="presentation"
          src="data:image/svg+xml;base64,PHN2ZyB3aWR0aD0iMTAwIiBoZWlnaHQ9IjEwMCIgeG1sbnM9Imh0dHA6Ly93d3cudzMub3JnLzIwMDAvc3ZnIiB2ZXJzaW9uPSIxLjEiLz4="
          style={
            Object {
              "border": "none",
              "display": "block",
              "margin": 0,
              "maxWidth": "100%",
              "padding": 0,
            }
          }
        />
      </div>
      <noscript>
        <img
          alt="me"
          className="sc-ksdxAp nEfmR"
          decoding="async"
          src="/profile.jpg"
          srcSet="/_next/image?url=%2Fprofile.jpg&w=128&q=75 1x, /_next/image?url=%2Fprofile.jpg&w=256&q=75 2x"
          style={
            Object {
              "border": "none",
              "bottom": 0,
              "boxSizing": "border-box",
              "display": "block",
              "height": 0,
              "left": 0,
              "margin": "auto",
              "maxHeight": "100%",
              "maxWidth": "100%",
              "minHeight": "100%",
              "minWidth": "100%",
              "objectFit": undefined,
              "objectPosition": undefined,
              "padding": 0,
              "position": "absolute",
              "right": 0,
              "top": 0,
              "width": 0,
            }
          }
        />
      </noscript>
      <img
        alt="me"
        className="sc-ksdxAp nEfmR"
        decoding="async"
        src="data:image/gif;base64,R0lGODlhAQABAIAAAAAAAP///yH5BAEAAAAALAAAAAABAAEAAAIBRAA7"
        style={
          Object {
            "border": "none",
            "bottom": 0,
            "boxSizing": "border-box",
            "display": "block",
            "height": 0,
            "left": 0,
            "margin": "auto",
            "maxHeight": "100%",
            "maxWidth": "100%",
            "minHeight": "100%",
            "minWidth": "100%",
            "objectFit": undefined,
            "objectPosition": undefined,
            "padding": 0,
            "position": "absolute",
            "right": 0,
            "top": 0,
            "width": 0,
          }
        }
      />
    </div>
  </div>
  <div
    className="sc-kDThTU sc-egiSv cuZoYQ kIUQLs"
  >
    <h3
      className="sc-bqiQRQ hXBaCa"
    >
      Lorem Ipsum is simply dummy text of the printing and typesetting industry. Lorem Ipsum has been the industry's standard dummy text ever since the 1500s, when an unknown printer took a galley of type and scrambled it to make a type specimen book. It has survived not only five centuries, but also the leap into electronic typesetting, remaining essentially unchanged.
    </h3>
    <button
      className="sc-bdvvaa aeeYh"
      onClick={[Function]}
    >
      Download resume
    </button>
  </div>
  <div
    className="sc-kDThTU sc-hBURRC cuZoYQ gXSNbJ"
  >
    <h4>
      Recent posts
    </h4>
    <div
      className="sc-iCfLBT fDbcIy"
    >
      <h4>
        Description job
      </h4>
      <span>
        2020
      </span>
      <p>
        It is a long established fact that a reader will be distracted by the readable content of a page when looking at its layout. The point of using Lorem Ipsum is that it has a more-or-less normal distribution of letters, as opposed to using, making it look like readable English.
      </p>
    </div>
    <div
      className="sc-iCfLBT fDbcIy"
    >
      <h4>
        Description job
      </h4>
      <span>
        2020
      </span>
      <p>
        It is a long established fact that a reader will be distracted by the readable content of a page when looking at its layout. The point of using Lorem Ipsum is that it has a more-or-less normal distribution of letters, as opposed to using, making it look like readable English.
      </p>
    </div>
  </div>
  <div
    className="sc-kDThTU sc-fotPbf cuZoYQ jZrkhN"
  >
    <h4>
      Featured works
    </h4>
    <div
      className="sc-furvIG iCqZFt"
    >
      <div
        style={
          Object {
            "boxSizing": "border-box",
            "display": "inline-block",
            "margin": 0,
            "maxWidth": "100%",
            "overflow": "hidden",
            "position": "relative",
          }
        }
      >
        <div
          style={
            Object {
              "boxSizing": "border-box",
              "display": "block",
              "maxWidth": "100%",
            }
          }
        >
          <img
            alt=""
            aria-hidden={true}
            role="presentation"
            src="data:image/svg+xml;base64,PHN2ZyB3aWR0aD0iMjAwIiBoZWlnaHQ9IjE1MCIgeG1sbnM9Imh0dHA6Ly93d3cudzMub3JnLzIwMDAvc3ZnIiB2ZXJzaW9uPSIxLjEiLz4="
            style={
              Object {
                "border": "none",
                "display": "block",
                "margin": 0,
                "maxWidth": "100%",
                "padding": 0,
              }
            }
          />
        </div>
        <noscript>
          <img
            className="sc-pVTma jORBVv"
            decoding="async"
            src="/profile.jpg"
            srcSet="/_next/image?url=%2Fprofile.jpg&w=256&q=75 1x, /_next/image?url=%2Fprofile.jpg&w=640&q=75 2x"
            style={
              Object {
                "border": "none",
                "bottom": 0,
                "boxSizing": "border-box",
                "display": "block",
                "height": 0,
                "left": 0,
                "margin": "auto",
                "maxHeight": "100%",
                "maxWidth": "100%",
                "minHeight": "100%",
                "minWidth": "100%",
                "objectFit": undefined,
                "objectPosition": undefined,
                "padding": 0,
                "position": "absolute",
                "right": 0,
                "top": 0,
                "width": 0,
              }
            }
          />
        </noscript>
        <img
          className="sc-pVTma jORBVv"
          decoding="async"
          src="data:image/gif;base64,R0lGODlhAQABAIAAAAAAAP///yH5BAEAAAAALAAAAAABAAEAAAIBRAA7"
          style={
            Object {
              "border": "none",
              "bottom": 0,
              "boxSizing": "border-box",
              "display": "block",
              "height": 0,
              "left": 0,
              "margin": "auto",
              "maxHeight": "100%",
              "maxWidth": "100%",
              "minHeight": "100%",
              "minWidth": "100%",
              "objectFit": undefined,
              "objectPosition": undefined,
              "padding": 0,
              "position": "absolute",
              "right": 0,
              "top": 0,
              "width": 0,
            }
          }
        />
      </div>
      <div
        className="sc-jrQzUz hXbjQw"
      >
        <h4>
          Description job
        </h4>
        <span>
          2020
        </span>
        <p>
          It is a long established fact that a reader will be distracted by the readable content of a page when looking at its layout. The point of using Lorem Ipsum is that it has a more-or-less normal distribution of letters, as opposed to using, making it look like readable English.
        </p>
      </div>
    </div>
    <div
      className="sc-furvIG iCqZFt"
    >
      <div
        style={
          Object {
            "boxSizing": "border-box",
            "display": "inline-block",
            "margin": 0,
            "maxWidth": "100%",
            "overflow": "hidden",
            "position": "relative",
          }
        }
      >
        <div
          style={
            Object {
              "boxSizing": "border-box",
              "display": "block",
              "maxWidth": "100%",
            }
          }
        >
          <img
            alt=""
            aria-hidden={true}
            role="presentation"
            src="data:image/svg+xml;base64,PHN2ZyB3aWR0aD0iMjAwIiBoZWlnaHQ9IjE1MCIgeG1sbnM9Imh0dHA6Ly93d3cudzMub3JnLzIwMDAvc3ZnIiB2ZXJzaW9uPSIxLjEiLz4="
            style={
              Object {
                "border": "none",
                "display": "block",
                "margin": 0,
                "maxWidth": "100%",
                "padding": 0,
              }
            }
          />
        </div>
        <noscript>
          <img
            className="sc-pVTma jORBVv"
            decoding="async"
            src="/profile.jpg"
            srcSet="/_next/image?url=%2Fprofile.jpg&w=256&q=75 1x, /_next/image?url=%2Fprofile.jpg&w=640&q=75 2x"
            style={
              Object {
                "border": "none",
                "bottom": 0,
                "boxSizing": "border-box",
                "display": "block",
                "height": 0,
                "left": 0,
                "margin": "auto",
                "maxHeight": "100%",
                "maxWidth": "100%",
                "minHeight": "100%",
                "minWidth": "100%",
                "objectFit": undefined,
                "objectPosition": undefined,
                "padding": 0,
                "position": "absolute",
                "right": 0,
                "top": 0,
                "width": 0,
              }
            }
          />
        </noscript>
        <img
          className="sc-pVTma jORBVv"
          decoding="async"
          src="data:image/gif;base64,R0lGODlhAQABAIAAAAAAAP///yH5BAEAAAAALAAAAAABAAEAAAIBRAA7"
          style={
            Object {
              "border": "none",
              "bottom": 0,
              "boxSizing": "border-box",
              "display": "block",
              "height": 0,
              "left": 0,
              "margin": "auto",
              "maxHeight": "100%",
              "maxWidth": "100%",
              "minHeight": "100%",
              "minWidth": "100%",
              "objectFit": undefined,
              "objectPosition": undefined,
              "padding": 0,
              "position": "absolute",
              "right": 0,
              "top": 0,
              "width": 0,
            }
          }
        />
      </div>
      <div
        className="sc-jrQzUz hXbjQw"
      >
        <h4>
          Description job
        </h4>
        <span>
          2020
        </span>
        <p>
          It is a long established fact that a reader will be distracted by the readable content of a page when looking at its layout. The point of using Lorem Ipsum is that it has a more-or-less normal distribution of letters, as opposed to using, making it look like readable English.
        </p>
      </div>
    </div>
    <div
      className="sc-furvIG iCqZFt"
    >
      <div
        style={
          Object {
            "boxSizing": "border-box",
            "display": "inline-block",
            "margin": 0,
            "maxWidth": "100%",
            "overflow": "hidden",
            "position": "relative",
          }
        }
      >
        <div
          style={
            Object {
              "boxSizing": "border-box",
              "display": "block",
              "maxWidth": "100%",
            }
          }
        >
          <img
            alt=""
            aria-hidden={true}
            role="presentation"
            src="data:image/svg+xml;base64,PHN2ZyB3aWR0aD0iMjAwIiBoZWlnaHQ9IjE1MCIgeG1sbnM9Imh0dHA6Ly93d3cudzMub3JnLzIwMDAvc3ZnIiB2ZXJzaW9uPSIxLjEiLz4="
            style={
              Object {
                "border": "none",
                "display": "block",
                "margin": 0,
                "maxWidth": "100%",
                "padding": 0,
              }
            }
          />
        </div>
        <noscript>
          <img
            className="sc-pVTma jORBVv"
            decoding="async"
            src="/profile.jpg"
            srcSet="/_next/image?url=%2Fprofile.jpg&w=256&q=75 1x, /_next/image?url=%2Fprofile.jpg&w=640&q=75 2x"
            style={
              Object {
                "border": "none",
                "bottom": 0,
                "boxSizing": "border-box",
                "display": "block",
                "height": 0,
                "left": 0,
                "margin": "auto",
                "maxHeight": "100%",
                "maxWidth": "100%",
                "minHeight": "100%",
                "minWidth": "100%",
                "objectFit": undefined,
                "objectPosition": undefined,
                "padding": 0,
                "position": "absolute",
                "right": 0,
                "top": 0,
                "width": 0,
              }
            }
          />
        </noscript>
        <img
          className="sc-pVTma jORBVv"
          decoding="async"
          src="data:image/gif;base64,R0lGODlhAQABAIAAAAAAAP///yH5BAEAAAAALAAAAAABAAEAAAIBRAA7"
          style={
            Object {
              "border": "none",
              "bottom": 0,
              "boxSizing": "border-box",
              "display": "block",
              "height": 0,
              "left": 0,
              "margin": "auto",
              "maxHeight": "100%",
              "maxWidth": "100%",
              "minHeight": "100%",
              "minWidth": "100%",
              "objectFit": undefined,
              "objectPosition": undefined,
              "padding": 0,
              "position": "absolute",
              "right": 0,
              "top": 0,
              "width": 0,
            }
          }
        />
      </div>
      <div
        className="sc-jrQzUz hXbjQw"
      >
        <h4>
          Description job
        </h4>
        <span>
          2020
        </span>
        <p>
          It is a long established fact that a reader will be distracted by the readable content of a page when looking at its layout. The point of using Lorem Ipsum is that it has a more-or-less normal distribution of letters, as opposed to using, making it look like readable English.
        </p>
      </div>
    </div>
    <a
      href="/works"
      onClick={[Function]}
      onMouseEnter={[Function]}
    >
      Show more
    </a>
  </div>
  <footer
    className="sc-gsDJrp gkymSr"
  >
    <div
      className="sc-dkPtyc LYlWa"
    >
      <a
        href="https://github.com/rafaelangical"
      >
        <svg
          aria-hidden="true"
          className="svg-inline--fa fa-github fa-w-16 "
          data-icon="github"
          data-prefix="fab"
          focusable="false"
          role="img"
          style={Object {}}
          viewBox="0 0 496 512"
          xmlns="http://www.w3.org/2000/svg"
        >
          <path
            d="M165.9 397.4c0 2-2.3 3.6-5.2 3.6-3.3.3-5.6-1.3-5.6-3.6 0-2 2.3-3.6 5.2-3.6 3-.3 5.6 1.3 5.6 3.6zm-31.1-4.5c-.7 2 1.3 4.3 4.3 4.9 2.6 1 5.6 0 6.2-2s-1.3-4.3-4.3-5.2c-2.6-.7-5.5.3-6.2 2.3zm44.2-1.7c-2.9.7-4.9 2.6-4.6 4.9.3 2 2.9 3.3 5.9 2.6 2.9-.7 4.9-2.6 4.6-4.6-.3-1.9-3-3.2-5.9-2.9zM244.8 8C106.1 8 0 113.3 0 252c0 110.9 69.8 205.8 169.5 239.2 12.8 2.3 17.3-5.6 17.3-12.1 0-6.2-.3-40.4-.3-61.4 0 0-70 15-84.7-29.8 0 0-11.4-29.1-27.8-36.6 0 0-22.9-15.7 1.6-15.4 0 0 24.9 2 38.6 25.8 21.9 38.6 58.6 27.5 72.9 20.9 2.3-16 8.8-27.1 16-33.7-55.9-6.2-112.3-14.3-112.3-110.5 0-27.5 7.6-41.3 23.6-58.9-2.6-6.5-11.1-33.3 2.6-67.9 20.9-6.5 69 27 69 27 20-5.6 41.5-8.5 62.8-8.5s42.8 2.9 62.8 8.5c0 0 48.1-33.6 69-27 13.7 34.7 5.2 61.4 2.6 67.9 16 17.7 25.8 31.5 25.8 58.9 0 96.5-58.9 104.2-114.8 110.5 9.2 7.9 17 22.9 17 46.4 0 33.7-.3 75.4-.3 83.6 0 6.5 4.6 14.4 17.3 12.1C428.2 457.8 496 362.9 496 252 496 113.3 383.5 8 244.8 8zM97.2 352.9c-1.3 1-1 3.3.7 5.2 1.6 1.6 3.9 2.3 5.2 1 1.3-1 1-3.3-.7-5.2-1.6-1.6-3.9-2.3-5.2-1zm-10.8-8.1c-.7 1.3.3 2.9 2.3 3.9 1.6 1 3.6.7 4.3-.7.7-1.3-.3-2.9-2.3-3.9-2-.6-3.6-.3-4.3.7zm32.4 35.6c-1.6 1.3-1 4.3 1.3 6.2 2.3 2.3 5.2 2.6 6.5 1 1.3-1.3.7-4.3-1.3-6.2-2.2-2.3-5.2-2.6-6.5-1zm-11.4-14.7c-1.6 1-1.6 3.6 0 5.9 1.6 2.3 4.3 3.3 5.6 2.3 1.6-1.3 1.6-3.9 0-6.2-1.4-2.3-4-3.3-5.6-2z"
            fill="currentColor"
            style={Object {}}
          />
        </svg>
      </a>
      <a
        href="https://www.linkedin.com/in/rafaelangical/"
      >
        <svg
          aria-hidden="true"
          className="svg-inline--fa fa-linkedin fa-w-14 "
          data-icon="linkedin"
          data-prefix="fab"
          focusable="false"
          role="img"
          style={Object {}}
          viewBox="0 0 448 512"
          xmlns="http://www.w3.org/2000/svg"
        >
          <path
            d="M416 32H31.9C14.3 32 0 46.5 0 64.3v383.4C0 465.5 14.3 480 31.9 480H416c17.6 0 32-14.5 32-32.3V64.3c0-17.8-14.4-32.3-32-32.3zM135.4 416H69V202.2h66.5V416zm-33.2-243c-21.3 0-38.5-17.3-38.5-38.5S80.9 96 102.2 96c21.2 0 38.5 17.3 38.5 38.5 0 21.3-17.2 38.5-38.5 38.5zm282.1 243h-66.4V312c0-24.8-.5-56.7-34.5-56.7-34.6 0-39.9 27-39.9 54.9V416h-66.4V202.2h63.7v29.2h.9c8.9-16.8 30.6-34.5 62.9-34.5 67.2 0 79.7 44.3 79.7 101.9V416z"
            fill="currentColor"
            style={Object {}}
          />
        </svg>
      </a>
    </div>
    <div
      className="sc-dkPtyc LYlWa"
    >
      <p
        className="sc-hKwCoD fMDPrr"
      >
        Copyright @2021 All rights reserved
      </p>
    </div>
  </footer>
</div>
`;
